[www.hihayk.com/index.html]
[backblue.gif]
[fade.gif]
[index.html]
[www.hihayk.com/assets/images/favicon.ico]
[ajax.googleapis.com/ajax/libs/jquery/2.1.4/jquery.min.js]
[cdnjs.cloudflare.com/ajax/libs/jquery.form/3.32/jquery.form.js]
[www.google-analytics.com/analytics.js]
[cdnjs.cloudflare.com/ajax/libs/jquery-validate/1.11.1/jquery.validate.min.js]
[www.hihayk.com/common-sporting.html]
[www.hihayk.com/assets/images/projects/cs-lk.png]
[www.hihayk.com/quipu.html]
[www.hihayk.com/assets/images/projects/quipu-lk.png]
[www.hihayk.com/book-cover.html]
[www.hihayk.com/assets/images/projects/book-lk.png]
[www.hihayk.com/converter.html]
[www.hihayk.com/assets/images/projects/css-lk.png]
[www.hihayk.com/bellonch.html]
[www.hihayk.com/assets/images/projects/bellonch-lk.png]
[www.hihayk.com/codepen-redesign.html]
[www.hihayk.com/assets/images/projects/codepen-lk.png]
[www.hihayk.com/tasks.html]
[www.hihayk.com/assets/images/projects/tasks-lk.png]
[www.hihayk.com/assets/images/me.jpg]
[www.hihayk.com/feed.xml]
[www.hihayk.com/index.html]
[www.hihayk.com/assets/fonts/circular/CircularStd-Bookd41d.eot]
[www.hihayk.com/assets/fonts/circular/CircularStd-Book.otf]
[www.hihayk.com/assets/fonts/circular/CircularStd-Book.woff]
[www.hihayk.com/assets/fonts/circular/CircularStd-Book.ttf]
[www.hihayk.com/assets/fonts/circular/CircularStd-Mediumd41d.eot]
[www.hihayk.com/assets/fonts/circular/CircularStd-Medium.otf]
[www.hihayk.com/assets/fonts/circular/CircularStd-Medium.woff]
[www.hihayk.com/assets/fonts/circular/CircularStd-Medium.ttf]
[www.hihayk.com/assets/fonts/circular/CircularStd-Boldd41d.eot]
[www.hihayk.com/assets/fonts/circular/CircularStd-Bold.otf]
[www.hihayk.com/assets/fonts/circular/CircularStd-Bold.woff]
[www.hihayk.com/assets/fonts/circular/CircularStd-Bold.ttf]
[www.hihayk.com/assets/fonts/circular/CircularStd-Blackd41d.eot]
[www.hihayk.com/assets/fonts/circular/CircularStd-Black.otf]
[www.hihayk.com/assets/fonts/circular/CircularStd-Black.woff]
[www.hihayk.com/assets/fonts/circular/CircularStd-Black.ttf]
[www.hihayk.com/css/main.css]
[www.hihayk.com/public/js/js.js]
[www.hihayk.com/assets/images/back.svg]
[www.hihayk.com/assets/images/projects/common-sporting-1.jpg]
[www.hihayk.com/assets/images/projects/common-sporting-2.jpg]
[www.hihayk.com/assets/images/projects/common-sporting-3.jpg]
[www.hihayk.com/assets/images/projects/common-sporting-4.jpg]
[www.hihayk.com/common-sporting.html]
[www.hihayk.com/assets/images/projects/quipu-2.png]
[www.hihayk.com/assets/images/projects/quipu-1.png]
[www.hihayk.com/assets/images/projects/team.mp4]
[www.hihayk.com/assets/images/projects/team.ogg]
[www.hihayk.com/assets/images/projects/quipu-5.png]
[www.hihayk.com/assets/images/projects/quipu-10.png]
[www.hihayk.com/assets/images/projects/quipu-4.png]
[www.hihayk.com/assets/images/projects/quipu-7.png]
[www.hihayk.com/quipu.html]
[www.hihayk.com/assets/images/projects/book.jpg]
[www.hihayk.com/assets/images/projects/book-3.jpg]
[www.hihayk.com/assets/images/projects/book-2.jpg]
[www.hihayk.com/book-cover.html]
[www.hihayk.com/assets/images/projects/css2.png]
[www.hihayk.com/converter.html]
[www.hihayk.com/assets/images/projects/bellonch-1.png]
[www.hihayk.com/assets/images/projects/bellonch-2.png]
[www.hihayk.com/bellonch.html]
[www.hihayk.com/assets/images/projects/codepen-1.png]
[www.hihayk.com/workingon/codepen/index.html]
[www.hihayk.com/assets/images/projects/codepen-2.png]
[www.hihayk.com/codepen-redesign.html]
[www.hihayk.com/assets/images/projects/tasks-1.png]
[www.hihayk.com/assets/images/projects/tasks-3.png]
[www.hihayk.com/assets/images/projects/tasks-4.png]
[www.hihayk.com/assets/images/projects/tasks-2.png]
[www.hihayk.com/tasks.html]
[www.hihayk.com/gladiator.html]
[www.hihayk.com/assets/fonts/circular/CircularStd-Book.svg]
[www.hihayk.com/assets/fonts/circular/CircularStd-Mediumd41d.eot]
[www.hihayk.com/assets/fonts/circular/CircularStd-Medium.ttf]
[www.hihayk.com/assets/fonts/circular/CircularStd-Medium.svg]
[www.hihayk.com/assets/fonts/circular/CircularStd-Bold.svg]
[www.hihayk.com/assets/fonts/circular/CircularStd-Black.svg]
[www.hihayk.com/assets/images/send.svg]
[www.hihayk.com/assets/images/projects/common-sporting-1.jpg]
[www.hihayk.com/assets/images/projects/common-sporting-3.jpg]
[www.hihayk.com/assets/images/projects/team.mp4]
[www.hihayk.com/assets/images/projects/quipu-10.png]
[www.hihayk.com/assets/images/projects/team.ogg]
[www.hihayk.com/assets/images/projects/quipu-3.png]
[www.hihayk.com/assets/images/projects/book.jpg]
[www.hihayk.com/assets/images/projects/bellonch-2.png]
[ajax.googleapis.com/ajax/libs/jquery/1.10.2/jquery.min.js]
[www.hihayk.com/workingon/codepen/index.html]
[www.hihayk.com/assets/images/projects/team.mp4]
[www.hihayk.com/workingon/codepen/fonts/circular/CircularStd-Bookd41d.eot]
[www.hihayk.com/workingon/codepen/fonts/circular/CircularStd-Book.woff]
[www.hihayk.com/workingon/codepen/fonts/circular/CircularStd-Book.ttf]
[www.hihayk.com/workingon/codepen/fonts/circular/CircularStd-Mediumd41d.eot]
[www.hihayk.com/workingon/codepen/fonts/circular/CircularStd-Medium.otf]
[www.hihayk.com/workingon/codepen/fonts/circular/CircularStd-Medium.woff]
[www.hihayk.com/workingon/codepen/fonts/circular/CircularStd-Medium.ttf]
[www.hihayk.com/workingon/codepen/fonts/circular/CircularStd-Boldd41d.eot]
[www.hihayk.com/workingon/codepen/fonts/circular/CircularStd-Bold.otf]
[www.hihayk.com/workingon/codepen/fonts/circular/CircularStd-Bold.woff]
[www.hihayk.com/workingon/codepen/fonts/circular/CircularStd-Bold.ttf]
[www.hihayk.com/workingon/codepen/fonts/circular/CircularStd-Blackd41d.eot]
[www.hihayk.com/workingon/codepen/fonts/circular/CircularStd-Black.otf]
[www.hihayk.com/workingon/codepen/fonts/circular/CircularStd-Black.woff]
[www.hihayk.com/workingon/codepen/fonts/circular/CircularStd-Black.ttf]
[www.hihayk.com/workingon/codepen/style/main.css]
[www.hihayk.com/workingon/codepen/images/logo.svg]
[www.hihayk.com/workingon/codepen/images/layout-1.svg]
[www.hihayk.com/workingon/codepen/images/layout-2.svg]
[www.hihayk.com/workingon/codepen/images/layout-3.svg]
[www.hihayk.com/workingon/codepen/images/cloud.svg]
[www.hihayk.com/workingon/codepen/images/fork.svg]
[www.hihayk.com/workingon/codepen/images/gear.svg]
[www.hihayk.com/workingon/codepen/images/cross.svg]
[www.hihayk.com/workingon/codepen/fonts/circular/CircularStd-Book.svg]
[www.hihayk.com/workingon/codepen/fonts/circular/CircularStd-Book.otf]
[www.hihayk.com/workingon/codepen/fonts/circular/CircularStd-Medium.svg]
[www.hihayk.com/workingon/codepen/fonts/circular/CircularStd-Bold.svg]
[www.hihayk.com/workingon/codepen/fonts/circular/CircularStd-Black.svg]
